<acrn-config board="apl-mrb">
	<BIOS_INFO>
		</BIOS_INFO>

	<BASE_BOARD_INFO>
		</BASE_BOARD_INFO>

	<PCI_DEVICE>
	00:00.0 Host bridge: Intel Corporation Celeron N3350/Pentium N4200/Atom E3900 Series Host Bridge (rev 0b)
	00:00.1 Signal processing controller: Intel Corporation Device 5a8c (rev 0b)
	Region 0: Memory at b3618000 (64-bit, non-prefetchable) [size=32K]
	00:02.0 VGA compatible controller: Intel Corporation Celeron N3350/Pentium N4200/Atom E3900 Series Integrated Graphics Controller (rev 0b)
	Region 0: Memory at b2000000 (64-bit, non-prefetchable) [size=16M]
	Region 2: Memory at a0000000 (64-bit, prefetchable) [size=256M]
	00:03.0 Multimedia controller: Intel Corporation Celeron N3350/Pentium N4200/Atom E3900 Series Imaging Unit (rev 0b)
	Region 0: Memory at b1000000 (64-bit, non-prefetchable) [size=16M]
	00:0e.0 Audio device: Intel Corporation Celeron N3350/Pentium N4200/Atom E3900 Series Audio Cluster (rev 0b)
	Region 0: Memory at b3620000 (64-bit, non-prefetchable) [size=16K]
	Region 4: Memory at b3500000 (64-bit, non-prefetchable) [size=1M]
	00:0f.0 Communication controller: Intel Corporation Celeron N3350/Pentium N4200/Atom E3900 Series Trusted Execution Engine (rev 0b)
	Region 0: Memory at b3657000 (64-bit, non-prefetchable) [size=4K]
	00:0f.1 Communication controller: Intel Corporation Device 5a9c (rev 0b)
	Region 0: Memory at b3656000 (64-bit, non-prefetchable) [size=4K]
	00:0f.2 Communication controller: Intel Corporation Device 5a9e (rev 0b)
	Region 0: Memory at b3655000 (64-bit, non-prefetchable) [size=4K]
	00:11.0 Unclassified device [0050]: Intel Corporation Celeron N3350/Pentium N4200/Atom E3900 Series Integrated Sensor Hub (rev 0b)
	Region 0: Memory at b3624000 (64-bit, non-prefetchable) [size=8K]
	Region 2: Memory at b3654000 (64-bit, non-prefetchable) [size=4K]
	00:12.0 SATA controller: Intel Corporation Celeron N3350/Pentium N4200/Atom E3900 Series SATA AHCI Controller (rev 0b)
	Region 0: Memory at b3610000 (32-bit, non-prefetchable) [size=8K]
	Region 1: Memory at b3653000 (32-bit, non-prefetchable) [size=256]
	Region 5: Memory at b3652000 (32-bit, non-prefetchable) [size=2K]
	00:13.0 PCI bridge: Intel Corporation Celeron N3350/Pentium N4200/Atom E3900 Series PCI Express Port A #1 (rev fb)
	00:13.2 PCI bridge: Intel Corporation Celeron N3350/Pentium N4200/Atom E3900 Series PCI Express Port A #3 (rev fb)
	00:13.3 PCI bridge: Intel Corporation Celeron N3350/Pentium N4200/Atom E3900 Series PCI Express Port A #4 (rev fb)
	00:14.0 PCI bridge: Intel Corporation Celeron N3350/Pentium N4200/Atom E3900 Series PCI Express Port B #1 (rev fb)
	00:15.0 USB controller: Intel Corporation Celeron N3350/Pentium N4200/Atom E3900 Series USB xHCI (rev 0b)
	Region 0: Memory at b3600000 (64-bit, non-prefetchable) [size=64K]
	00:15.1 USB controller: Intel Corporation Device 5aaa (rev 0b)
	Region 0: Memory at b3000000 (64-bit, non-prefetchable) [size=2M]
	00:16.0 Signal processing controller: Intel Corporation Celeron N3350/Pentium N4200/Atom E3900 Series I2C Controller #1 (rev 0b)
	Region 0: Memory at b3650000 (64-bit, non-prefetchable) [size=4K]
	Region 2: Memory at b364f000 (64-bit, non-prefetchable) [size=4K]
	00:16.1 Signal processing controller: Intel Corporation Celeron N3350/Pentium N4200/Atom E3900 Series I2C Controller #2 (rev 0b)
	Region 0: Memory at b364e000 (64-bit, non-prefetchable) [size=4K]
	Region 2: Memory at b364d000 (64-bit, non-prefetchable) [size=4K]
	00:16.2 Signal processing controller: Intel Corporation Celeron N3350/Pentium N4200/Atom E3900 Series I2C Controller #3 (rev 0b)
	Region 0: Memory at b364c000 (64-bit, non-prefetchable) [size=4K]
	Region 2: Memory at b364b000 (64-bit, non-prefetchable) [size=4K]
	00:16.3 Signal processing controller: Intel Corporation Celeron N3350/Pentium N4200/Atom E3900 Series I2C Controller #4 (rev 0b)
	Region 0: Memory at b364a000 (64-bit, non-prefetchable) [size=4K]
	Region 2: Memory at b3649000 (64-bit, non-prefetchable) [size=4K]
	00:17.0 Signal processing controller: Intel Corporation Celeron N3350/Pentium N4200/Atom E3900 Series I2C Controller #5 (rev 0b)
	Region 0: Memory at b3648000 (64-bit, non-prefetchable) [size=4K]
	Region 2: Memory at b3647000 (64-bit, non-prefetchable) [size=4K]
	00:17.1 Signal processing controller: Intel Corporation Celeron N3350/Pentium N4200/Atom E3900 Series I2C Controller #6 (rev 0b)
	Region 0: Memory at b3646000 (64-bit, non-prefetchable) [size=4K]
	Region 2: Memory at b3645000 (64-bit, non-prefetchable) [size=4K]
	00:17.2 Signal processing controller: Intel Corporation Celeron N3350/Pentium N4200/Atom E3900 Series I2C Controller #7 (rev 0b)
	Region 0: Memory at b3644000 (64-bit, non-prefetchable) [size=4K]
	Region 2: Memory at b3643000 (64-bit, non-prefetchable) [size=4K]
	00:17.3 Signal processing controller: Intel Corporation Celeron N3350/Pentium N4200/Atom E3900 Series I2C Controller #8 (rev 0b)
	Region 0: Memory at b3642000 (64-bit, non-prefetchable) [size=4K]
	Region 2: Memory at b3641000 (64-bit, non-prefetchable) [size=4K]
	00:18.0 Signal processing controller: Intel Corporation Celeron N3350/Pentium N4200/Atom E3900 Series HSUART Controller #1 (rev 0b)
	Region 0: Memory at b3640000 (64-bit, non-prefetchable) [size=4K]
	Region 2: Memory at b363f000 (64-bit, non-prefetchable) [size=4K]
	00:18.1 Signal processing controller: Intel Corporation Celeron N3350/Pentium N4200/Atom E3900 Series HSUART Controller #2 (rev 0b)
	Region 0: Memory at b363e000 (64-bit, non-prefetchable) [size=4K]
	Region 2: Memory at b363d000 (64-bit, non-prefetchable) [size=4K]
	00:18.2 Signal processing controller: Intel Corporation Celeron N3350/Pentium N4200/Atom E3900 Series HSUART Controller #3 (rev 0b)
	Region 0: Memory at 80e00000 (64-bit, non-prefetchable) [size=4K]
	Region 2: Memory at b363b000 (64-bit, non-prefetchable) [size=4K]
	00:18.3 Signal processing controller: Intel Corporation Celeron N3350/Pentium N4200/Atom E3900 Series HSUART Controller #4 (rev 0b)
	Region 0: Memory at b363a000 (64-bit, non-prefetchable) [size=4K]
	Region 2: Memory at b3639000 (64-bit, non-prefetchable) [size=4K]
	00:19.0 Signal processing controller: Intel Corporation Celeron N3350/Pentium N4200/Atom E3900 Series SPI Controller #1 (rev 0b)
	Region 0: Memory at b3638000 (64-bit, non-prefetchable) [size=4K]
	Region 2: Memory at b3637000 (64-bit, non-prefetchable) [size=4K]
	00:19.1 Signal processing controller: Intel Corporation Celeron N3350/Pentium N4200/Atom E3900 Series SPI Controller #2 (rev 0b)
	Region 0: Memory at b3636000 (64-bit, non-prefetchable) [size=4K]
	Region 2: Memory at b3635000 (64-bit, non-prefetchable) [size=4K]
	00:19.2 Signal processing controller: Intel Corporation Celeron N3350/Pentium N4200/Atom E3900 Series SPI Controller #3 (rev 0b)
	Region 0: Memory at b3634000 (64-bit, non-prefetchable) [size=4K]
	Region 2: Memory at b3633000 (64-bit, non-prefetchable) [size=4K]
	00:1a.0 Serial bus controller [0c80]: Intel Corporation Celeron N3350/Pentium N4200/Atom E3900 Series PWM Pin Controller (rev 0b)
	Region 0: Memory at b3632000 (64-bit, non-prefetchable) [size=4K]
	Region 2: Memory at b3631000 (64-bit, non-prefetchable) [size=4K]
	00:1b.0 SD Host controller: Intel Corporation Celeron N3350/Pentium N4200/Atom E3900 Series SDXC/MMC Host Controller (rev 0b)
	Region 0: Memory at b3630000 (64-bit, non-prefetchable) [size=4K]
	Region 2: Memory at b362f000 (64-bit, non-prefetchable) [size=4K]
	00:1c.0 SD Host controller: Intel Corporation Celeron N3350/Pentium N4200/Atom E3900 Series eMMC Controller (rev 0b)
	Region 0: Memory at b362e000 (64-bit, non-prefetchable) [size=4K]
	Region 2: Memory at b362d000 (64-bit, non-prefetchable) [size=4K]
	00:1e.0 SD Host controller: Intel Corporation Celeron N3350/Pentium N4200/Atom E3900 Series SDIO Controller (rev 0b)
	Region 0: Memory at b362c000 (64-bit, non-prefetchable) [size=4K]
	Region 2: Memory at b362b000 (64-bit, non-prefetchable) [size=4K]
	00:1f.0 ISA bridge: Intel Corporation Celeron N3350/Pentium N4200/Atom E3900 Series Low Pin Count Interface (rev 0b)
	00:1f.1 SMBus: Intel Corporation Celeron N3350/Pentium N4200/Atom E3900 Series SMBus Controller (rev 0b)
	Region 0: Memory at b362a000 (64-bit, non-prefetchable) [size=256]
	02:00.0 Ethernet controller: Intel Corporation I210 Gigabit Network Connection (rev 03)
	Region 0: Memory at b3400000 (32-bit, non-prefetchable) [size=512K]
	Region 3: Memory at b3480000 (32-bit, non-prefetchable) [size=16K]
	03:00.0 Ethernet controller: Marvell Technology Group Ltd. 88W8897 [AVASTAR] 802.11ac Wireless
	Region 0: Memory at b3300000 (64-bit, prefetchable) [size=1M]
	Region 2: Memory at b3200000 (64-bit, prefetchable) [size=1M]
	</PCI_DEVICE>

	<PCI_VID_PID>
	00:00.0 0600: 8086:5af0 (rev 0b)
	00:00.1 1180: 8086:5a8c (rev 0b)
	00:02.0 0300: 8086:5a84 (rev 0b)
	00:03.0 0480: 8086:5a88 (rev 0b)
	00:0e.0 0403: 8086:5a98 (rev 0b)
	00:0f.0 0780: 8086:5a9a (rev 0b)
	00:0f.1 0780: 8086:5a9c (rev 0b)
	00:0f.2 0780: 8086:5a9e (rev 0b)
	00:11.0 0050: 8086:5aa2 (rev 0b)
	00:12.0 0106: 8086:5ae3 (rev 0b)
	00:13.0 0604: 8086:5ad8 (rev fb)
	00:13.2 0604: 8086:5ada (rev fb)
	00:13.3 0604: 8086:5adb (rev fb)
	00:14.0 0604: 8086:5ad6 (rev fb)
	00:15.0 0c03: 8086:5aa8 (rev 0b)
	00:15.1 0c03: 8086:5aaa (rev 0b)
	00:16.0 1180: 8086:5aac (rev 0b)
	00:16.1 1180: 8086:5aae (rev 0b)
	00:16.2 1180: 8086:5ab0 (rev 0b)
	00:16.3 1180: 8086:5ab2 (rev 0b)
	00:17.0 1180: 8086:5ab4 (rev 0b)
	00:17.1 1180: 8086:5ab6 (rev 0b)
	00:17.2 1180: 8086:5ab8 (rev 0b)
	00:17.3 1180: 8086:5aba (rev 0b)
	00:18.0 1180: 8086:5abc (rev 0b)
	00:18.1 1180: 8086:5abe (rev 0b)
	00:18.2 1180: 8086:5ac0 (rev 0b)
	00:18.3 1180: 8086:5aee (rev 0b)
	00:19.0 1180: 8086:5ac2 (rev 0b)
	00:19.1 1180: 8086:5ac4 (rev 0b)
	00:19.2 1180: 8086:5ac6 (rev 0b)
	00:1a.0 0c80: 8086:5ac8 (rev 0b)
	00:1b.0 0805: 8086:5aca (rev 0b)
	00:1c.0 0805: 8086:5acc (rev 0b)
	00:1e.0 0805: 8086:5ad0 (rev 0b)
	00:1f.0 0601: 8086:5ae8 (rev 0b)
	00:1f.1 0c05: 8086:5ad4 (rev 0b)
	02:00.0 0200: 8086:1533 (rev 03)
	03:00.0 0200: 11ab:2b38
	</PCI_VID_PID>

	<WAKE_VECTOR_INFO>
	#define WAKE_VECTOR_32          0x7AFDCEFCUL
	#define WAKE_VECTOR_64          0x7AFDCF08UL
	</WAKE_VECTOR_INFO>

	<RESET_REGISTER_INFO>
	#define RESET_REGISTER_ADDRESS  0xCF9UL
	#define RESET_REGISTER_SPACE_ID SPACE_SYSTEM_IO
	#define RESET_REGISTER_VALUE    0xeU
	</RESET_REGISTER_INFO>

	<PM_INFO>
	#define PM1A_EVT_SPACE_ID       SPACE_SYSTEM_IO
	#define PM1A_EVT_BIT_WIDTH      0x20U
	#define PM1A_EVT_BIT_OFFSET     0x0U
	#define PM1A_EVT_ADDRESS        0x400UL
	#define PM1A_EVT_ACCESS_SIZE    0x3U
	#define PM1B_EVT_SPACE_ID       SPACE_SYSTEM_IO
	#define PM1B_EVT_BIT_WIDTH      0x0U
	#define PM1B_EVT_BIT_OFFSET     0x0U
	#define PM1B_EVT_ADDRESS        0x0UL
	#define PM1B_EVT_ACCESS_SIZE    0x0U
	#define PM1A_CNT_SPACE_ID       SPACE_SYSTEM_IO
	#define PM1A_CNT_BIT_WIDTH      0x10U
	#define PM1A_CNT_BIT_OFFSET     0x0U
	#define PM1A_CNT_ADDRESS        0x404UL
	#define PM1A_CNT_ACCESS_SIZE    0x2U
	#define PM1B_CNT_SPACE_ID       SPACE_SYSTEM_IO
	#define PM1B_CNT_BIT_WIDTH      0x0U
	#define PM1B_CNT_BIT_OFFSET     0x0U
	#define PM1B_CNT_ADDRESS        0x0UL
	#define PM1B_CNT_ACCESS_SIZE    0x0U
	</PM_INFO>

	<S3_INFO>
	#define S3_PKG_VAL_PM1A         0x5U
	#define S3_PKG_VAL_PM1B         0U
	#define S3_PKG_RESERVED         0x0U
	</S3_INFO>

	<S5_INFO>
	#define S5_PKG_VAL_PM1A         0x7U
	#define S5_PKG_VAL_PM1B         0U
	#define S5_PKG_RESERVED         0x0U
	</S5_INFO>

	<DRHD_INFO>
	#define DRHD_COUNT              2U

	#define DRHD0_DEV_CNT           0x1U
	#define DRHD0_SEGMENT           0x0U
	#define DRHD0_FLAGS             0x0U
	#define DRHD0_REG_BASE          0xFED64000UL
	#define DRHD0_IGNORE            true
	#define DRHD0_DEVSCOPE0_TYPE    0x1U
	#define DRHD0_DEVSCOPE0_ID      0x0U
	#define DRHD0_DEVSCOPE0_BUS     0x0U
	#define DRHD0_DEVSCOPE0_PATH    0x10U

	#define DRHD1_DEV_CNT           0x2U
	#define DRHD1_SEGMENT           0x0U
	#define DRHD1_FLAGS             0x1U
	#define DRHD1_REG_BASE          0xFED65000UL
	#define DRHD1_IGNORE            false
	#define DRHD1_DEVSCOPE0_TYPE    0x3U
	#define DRHD1_DEVSCOPE0_ID      0x8U
	#define DRHD1_DEVSCOPE0_BUS     0xfaU
	#define DRHD1_DEVSCOPE0_PATH    0xf8U
	#define DRHD1_DEVSCOPE1_TYPE    0x4U
	#define DRHD1_DEVSCOPE1_ID      0x0U
	#define DRHD1_DEVSCOPE1_BUS     0x0U
	#define DRHD1_DEVSCOPE1_PATH    0xffU

	</DRHD_INFO>

	<CPU_BRAND>
	"Intel(R) Atom(TM) Processor A3960 @ 1.90GHz"
	</CPU_BRAND>

	<CX_INFO>
	{{SPACE_FFixedHW, 0x00U, 0x00U, 0x00U, 0x00UL}, 0x01U, 0x01U, 0x00U},	/* C1 */
	{{SPACE_SYSTEM_IO, 0x08U, 0x00U, 0x00U, 0x415UL}, 0x02U, 0x32U, 0x00U},	/* C2 */
	{{SPACE_SYSTEM_IO, 0x08U, 0x00U, 0x00U, 0x419UL}, 0x03U, 0x96U, 0x00U},	/* C3 */
	</CX_INFO>

	<PX_INFO>
	{0x960UL, 0x00UL, 0x0AUL, 0x0AUL, 0x001800UL, 0x001800UL},	/* P0 */
	{0x8FCUL, 0x00UL, 0x0AUL, 0x0AUL, 0x001700UL, 0x001700UL},	/* P1 */
	{0x898UL, 0x00UL, 0x0AUL, 0x0AUL, 0x001600UL, 0x001600UL},	/* P2 */
	{0x834UL, 0x00UL, 0x0AUL, 0x0AUL, 0x001500UL, 0x001500UL},	/* P3 */
	{0x7D0UL, 0x00UL, 0x0AUL, 0x0AUL, 0x001400UL, 0x001400UL},	/* P4 */
	{0x76CUL, 0x00UL, 0x0AUL, 0x0AUL, 0x001300UL, 0x001300UL},	/* P5 */
	{0x708UL, 0x00UL, 0x0AUL, 0x0AUL, 0x001200UL, 0x001200UL},	/* P6 */
	{0x6A4UL, 0x00UL, 0x0AUL, 0x0AUL, 0x001100UL, 0x001100UL},	/* P7 */
	{0x640UL, 0x00UL, 0x0AUL, 0x0AUL, 0x001000UL, 0x001000UL},	/* P8 */
	{0x5DCUL, 0x00UL, 0x0AUL, 0x0AUL, 0x000F00UL, 0x000F00UL},	/* P9 */
	{0x578UL, 0x00UL, 0x0AUL, 0x0AUL, 0x000E00UL, 0x000E00UL},	/* P10 */
	{0x514UL, 0x00UL, 0x0AUL, 0x0AUL, 0x000D00UL, 0x000D00UL},	/* P11 */
	{0x4B0UL, 0x00UL, 0x0AUL, 0x0AUL, 0x000C00UL, 0x000C00UL},	/* P12 */
	{0x44CUL, 0x00UL, 0x0AUL, 0x0AUL, 0x000B00UL, 0x000B00UL},	/* P13 */
	{0x3E8UL, 0x00UL, 0x0AUL, 0x0AUL, 0x000A00UL, 0x000A00UL},	/* P14 */
	{0x384UL, 0x00UL, 0x0AUL, 0x0AUL, 0x000900UL, 0x000900UL},	/* P15 */
	{0x320UL, 0x00UL, 0x0AUL, 0x0AUL, 0x000800UL, 0x000800UL},	/* P16 */
	</PX_INFO>

	<MMCFG_BASE_INFO>
	/* PCI mmcfg base of MCFG */
	#define DEFAULT_PCI_MMCFG_BASE   0xe0000000UL
	</MMCFG_BASE_INFO>

	<CLOS_INFO>
	rdt resources supported: L2
	rdt resource clos max: 4
	rdt resource mask max: '0xff'
	</CLOS_INFO>

	<IOMEM_INFO>
	00000000-00000fff : Reserved
	  00000000-00000000 : intel_punit_ipc
	    00000000-00000000 : intel_punit_ipc
	      00000000-00000000 : intel_punit_ipc
	        00000000-00000000 : intel_punit_ipc
	00001000-00097fff : System RAM
	00098000-0009ffff : Reserved
	000c0000-000fffff : Reserved
	  000f0000-000fffff : System ROM
	00100000-0fffffff : System RAM
	10000000-121fffff : Reserved
	12200000-7afd5fff : System RAM
	  4c000000-4d0031d0 : Kernel code
	  4d0031d1-4d9dc8ff : Kernel data
	  4dc28000-4ddfffff : Kernel bss
	7afd6000-7afdcfff : ACPI Tables
	7afdd000-7afdffff : ACPI Non-volatile Storage
	7afe0000-7fffffff : Reserved
	  7b800001-7bffffff : PCI Bus 0000:00
	  7c000001-7fffffff : PCI Bus 0000:00
	    7c000001-7ffffffe : Graphics Stolen Memory
	80000000-cfffffff : PCI Bus 0000:00
	  80000000-801fffff : PCI Bus 0000:01
	  80200000-803fffff : PCI Bus 0000:01
	  80400000-805fffff : PCI Bus 0000:02
	  80600000-809fffff : PCI Bus 0000:03
	  80a00000-80bfffff : PCI Bus 0000:04
	  80c00000-80dfffff : PCI Bus 0000:04
	  80e00000-80e00fff : 0000:00:18.2
	    80e00000-80e001ff : lpss_dev
	      80e00000-80e0001f : serial
	    80e00200-80e002ff : lpss_priv
	  a0000000-afffffff : 0000:00:02.0
	  b1000000-b1ffffff : .text.unlikely
	  b2000000-b2ffffff : 0000:00:02.0
	  b3000000-b31fffff : dwc_usb3
	    b3000000-b31fffff : 0000:00:15.1
	      b300c100-b31fffff : dwc_usb3
	  b3200000-b33fffff : PCI Bus 0000:03
	    b3200000-b32fffff : 0000:03:00.0
	    b3300000-b33fffff : 0000:03:00.0
	  b3400000-b34fffff : PCI Bus 0000:02
	    b3400000-b347ffff : 0000:02:00.0
	      b3400000-b347ffff : igb_avb
	    b3480000-b3483fff : 0000:02:00.0
	      b3480000-b3483fff : igb_avb
	  b3500000-b35fffff : 0000:00:0e.0
	    b3500000-b35fffff : Skylake HD audio
	  b3600000-b360ffff : 0000:00:15.0
	    b3600000-b360ffff : xhci-hcd
	      b3608070-b360846f : intel_xhci_usb_sw
	  b3610000-b3611fff : 0000:00:12.0
	    b3610000-b3611fff : ahci
	  b3618000-b361ffff : 0000:00:00.1
	  b3620000-b3623fff : 0000:00:0e.0
	    b3620000-b3623fff : Skylake HD audio
	  b3624000-b3625fff : 0000:00:11.0
	  b362a000-b362a0ff : 0000:00:1f.1
	  b362b000-b362bfff : 0000:00:1e.0
	  b362c000-b362cfff : 0000:00:1e.0
	    b362c000-b362cfff : mmc2
	  b362d000-b362dfff : 0000:00:1c.0
	  b362e000-b362efff : 0000:00:1c.0
	    b362e000-b362efff : mmc1
	  b362f000-b362ffff : 0000:00:1b.0
	  b3630000-b3630fff : 0000:00:1b.0
	    b3630000-b3630fff : mmc0
	  b3631000-b3631fff : 0000:00:1a.0
	  b3632000-b3632fff : 0000:00:1a.0
	    b3632000-b3632fff : 0000:00:1a.0
	  b3633000-b3633fff : 0000:00:19.2
	  b3634000-b3634fff : 0000:00:19.2
	    b3634000-b36341ff : lpss_dev
	      b3634000-b36341ff : lpss_dev
	    b3634200-b36342ff : lpss_priv
	    b3634800-b3634fff : idma64.14
	      b3634800-b3634fff : idma64.14
	  b3635000-b3635fff : 0000:00:19.1
	  b3636000-b3636fff : 0000:00:19.1
	    b3636000-b36361ff : lpss_dev
	      b3636000-b36361ff : lpss_dev
	    b3636200-b36362ff : lpss_priv
	    b3636800-b3636fff : idma64.13
	      b3636800-b3636fff : idma64.13
	  b3637000-b3637fff : 0000:00:19.0
	  b3638000-b3638fff : 0000:00:19.0
	    b3638000-b36381ff : lpss_dev
	      b3638000-b36381ff : lpss_dev
	    b3638200-b36382ff : lpss_priv
	    b3638800-b3638fff : idma64.12
	      b3638800-b3638fff : idma64.12
	  b3639000-b3639fff : 0000:00:18.3
	  b363a000-b363afff : 0000:00:18.3
	    b363a000-b363a1ff : lpss_dev
	      b363a000-b363a01f : serial
	    b363a200-b363a2ff : lpss_priv
	  b363b000-b363bfff : 0000:00:18.2
	  b363d000-b363dfff : 0000:00:18.1
	  b363e000-b363efff : 0000:00:18.1
	    b363e000-b363e1ff : lpss_dev
	      b363e000-b363e01f : serial
	    b363e200-b363e2ff : lpss_priv
	    b363e800-b363efff : idma64.9
	      b363e800-b363efff : idma64.9
	  b363f000-b363ffff : 0000:00:18.0
	  b3640000-b3640fff : 0000:00:18.0
	    b3640000-b36401ff : lpss_dev
	      b3640000-b364001f : serial
	    b3640200-b36402ff : lpss_priv
	    b3640800-b3640fff : idma64.8
	      b3640800-b3640fff : idma64.8
	  b3641000-b3641fff : 0000:00:17.3
	  b3642000-b3642fff : 0000:00:17.3
	    b3642000-b36421ff : lpss_dev
	      b3642000-b36421ff : lpss_dev
	    b3642200-b36422ff : lpss_priv
	    b3642800-b3642fff : idma64.7
	      b3642800-b3642fff : idma64.7
	  b3643000-b3643fff : 0000:00:17.2
	  b3644000-b3644fff : 0000:00:17.2
	    b3644000-b36441ff : lpss_dev
	      b3644000-b36441ff : lpss_dev
	    b3644200-b36442ff : lpss_priv
	    b3644800-b3644fff : idma64.6
	      b3644800-b3644fff : idma64.6
	  b3645000-b3645fff : 0000:00:17.1
	  b3646000-b3646fff : 0000:00:17.1
	    b3646000-b36461ff : lpss_dev
	      b3646000-b36461ff : lpss_dev
	    b3646200-b36462ff : lpss_priv
	    b3646800-b3646fff : idma64.5
	      b3646800-b3646fff : idma64.5
	  b3647000-b3647fff : 0000:00:17.0
	  b3648000-b3648fff : 0000:00:17.0
	    b3648000-b36481ff : lpss_dev
	      b3648000-b36481ff : lpss_dev
	    b3648200-b36482ff : lpss_priv
	    b3648800-b3648fff : idma64.4
	      b3648800-b3648fff : idma64.4
	  b3649000-b3649fff : 0000:00:16.3
	  b364a000-b364afff : 0000:00:16.3
	    b364a000-b364a1ff : lpss_dev
	      b364a000-b364a1ff : lpss_dev
	    b364a200-b364a2ff : lpss_priv
	    b364a800-b364afff : idma64.3
	      b364a800-b364afff : idma64.3
	  b364b000-b364bfff : 0000:00:16.2
	  b364c000-b364cfff : 0000:00:16.2
	    b364c000-b364c1ff : lpss_dev
	      b364c000-b364c1ff : lpss_dev
	    b364c200-b364c2ff : lpss_priv
	    b364c800-b364cfff : idma64.2
	      b364c800-b364cfff : idma64.2
	  b364d000-b364dfff : 0000:00:16.1
	  b364e000-b364efff : 0000:00:16.1
	    b364e000-b364e1ff : lpss_dev
	      b364e000-b364e1ff : lpss_dev
	    b364e200-b364e2ff : lpss_priv
	    b364e800-b364efff : idma64.1
	      b364e800-b364efff : idma64.1
	  b364f000-b364ffff : 0000:00:16.0
	  b3650000-b3650fff : 0000:00:16.0
	    b3650000-b36501ff : lpss_dev
	      b3650000-b36501ff : lpss_dev
	    b3650200-b36502ff : lpss_priv
	    b3650800-b3650fff : idma64.0
	      b3650800-b3650fff : idma64.0
	  b3652000-b36527ff : 0000:00:12.0
	    b3652000-b36527ff : ahci
	  b3653000-b36530ff : 0000:00:12.0
	    b3653000-b36530ff : ahci
	  b3654000-b3654fff : 0000:00:11.0
	  b3655000-b3655fff : 0000:00:0f.2
	  b3656000-b3656fff : 0000:00:0f.1
	  b3657000-b3657fff : 0000:00:0f.0
	    b3657000-b3657fff : mei_me
	e0000000-efffffff : PCI MMCONFIG 0000 [bus 00-ff]
	  e0000000-efffffff : Reserved
	    e0000000-efffffff : PCI Bus 0000:00
	      e0000000-efffffff : pnp 00:01
	f8c00000-f8c00653 : INT3452:03
	  f8c00000-f8c00653 : INT3452:03
	f8c40000-f8c40763 : INT3452:01
	  f8c40000-f8c40763 : INT3452:01
	f8c50000-f8c5076b : INT3452:00
	  f8c50000-f8c5076b : INT3452:00
	f8c70000-f8c70673 : INT3452:02
	  f8c70000-f8c70673 : INT3452:02
	fe042000-fe043fff : INT34D2:00
	  fe042000-fe043fff : INT34D2:00
	fe044000-fe045fff : INT34D2:00
	  fe045a00-fe045aef : intel_telemetry
	    fe045a00-fe045aef : intel_telemetry
	  fe045b00-fe045bef : intel_telemetry
	    fe045b00-fe045bef : intel_telemetry
	fea00000-feafffff : pnp 00:01
	fec00000-fec003ff : IOAPIC 0
	fed00000-fedfffff : Reserved
	  fed00000-fed003ff : HPET 0
	    fed00000-fed003ff : PNP0103:00
	  fed01000-fed01fff : intel-spi
	    fed01000-fed01fff : pnp 00:01
	  fed03000-fed03fff : pnp 00:01
	  fed06000-fed06fff : pnp 00:01
	  fed08000-fed09fff : pnp 00:01
	  fed17080-fed17083 : INT34D2:00
	    fed17080-fed17083 : INT34D2:00
	      fed17080-fed17083 : INT34D2:00
	  fed17084-fed17087 : INT34D2:00
	    fed17084-fed17087 : INT34D2:00
	      fed17084-fed17087 : INT34D2:00
	  fed1c000-fed1cfff : pnp 00:01
	  fed40000-fed44fff : MSFT0101:00
	  fed80000-fedbffff : pnp 00:01
	fee00000-feefffff : pnp 00:01
	  fee00000-fee00fff : Local APIC
	ff800000-ffffffff : Unusable memory
	100000000-27fffffff : System RAM
	</IOMEM_INFO>

	<BLOCK_DEVICE_INFO>
	/dev/mmcblk1p1: TYPE="ext4"
	/dev/mmcblk1p3: TYPE="ext4"
	/dev/mmcblk0p1: TYPE="ext4"
	/dev/sda3: TYPE="ext4"
	</BLOCK_DEVICE_INFO>

	<TTYS_INFO>
	seri:/dev/ttyS0 type:mmio base:0xB3640000 irq:4 bdf:"00:18.0"
	seri:/dev/ttyS2 type:mmio base:0x80E00000 irq:6 bdf:"00:18.2"
	seri:/dev/ttyS3 type:mmio base:0xB363A000 irq:7 bdf:"00:18.3"
	</TTYS_INFO>

	<AVAILABLE_IRQ_INFO>
	10, 11, 12, 13, 15
	</AVAILABLE_IRQ_INFO>

	<TOTAL_MEM_INFO>
	8034944 kB
	</TOTAL_MEM_INFO>

	<CPU_PROCESSOR_INFO>
	0, 1, 2, 3
	</CPU_PROCESSOR_INFO>

	<MAX_MSIX_TABLE_NUM>
	5
	</MAX_MSIX_TABLE_NUM>

</acrn-config>
