<acrn-config board="nuc6cayh">
	<BIOS_INFO>
	BIOS Information
	Vendor: Intel Corp.
	Version: AYAPLCEL.86A.0063.2019.0621.1450
	Release Date: 06/21/2019
	BIOS Revision: 5.6
	</BIOS_INFO>

	<BASE_BOARD_INFO>
	Base Board Information
	Manufacturer: Intel Corporation
	Product Name: NUC6CAYB
	Version: J23203-404
	</BASE_BOARD_INFO>

	<PCI_DEVICE>
	00:00.0 Host bridge: Intel Corporation Celeron N3350/Pentium N4200/Atom E3900 Series Host Bridge (rev 0b)
	00:02.0 VGA compatible controller: Intel Corporation Device 5a85 (rev 0b)
	Region 0: Memory at 90000000 (64-bit, non-prefetchable) [size=16M]
	Region 2: Memory at 80000000 (64-bit, prefetchable) [size=256M]
	00:0e.0 Audio device: Intel Corporation Celeron N3350/Pentium N4200/Atom E3900 Series Audio Cluster (rev 0b)
	Region 0: Memory at 91410000 (64-bit, non-prefetchable) [size=16K]
	Region 4: Memory at 91000000 (64-bit, non-prefetchable) [size=1M]
	00:0f.0 Communication controller: Intel Corporation Celeron N3350/Pentium N4200/Atom E3900 Series Trusted Execution Engine (rev 0b)
	Region 0: Memory at 91427000 (64-bit, non-prefetchable) [size=4K]
	00:12.0 SATA controller: Intel Corporation Celeron N3350/Pentium N4200/Atom E3900 Series SATA AHCI Controller (rev 0b)
	Region 0: Memory at 91414000 (32-bit, non-prefetchable) [size=8K]
	Region 1: Memory at 91424000 (32-bit, non-prefetchable) [size=256]
	Region 5: Memory at 91423000 (32-bit, non-prefetchable) [size=2K]
	00:13.0 PCI bridge: Intel Corporation Celeron N3350/Pentium N4200/Atom E3900 Series PCI Express Port A #1 (rev fb)
	00:13.1 PCI bridge: Intel Corporation Celeron N3350/Pentium N4200/Atom E3900 Series PCI Express Port A #2 (rev fb)
	00:13.2 PCI bridge: Intel Corporation Celeron N3350/Pentium N4200/Atom E3900 Series PCI Express Port A #3 (rev fb)
	00:15.0 USB controller: Intel Corporation Celeron N3350/Pentium N4200/Atom E3900 Series USB xHCI (rev 0b)
	Region 0: Memory at 91400000 (64-bit, non-prefetchable) [size=64K]
	00:16.0 Signal processing controller: Intel Corporation Celeron N3350/Pentium N4200/Atom E3900 Series I2C Controller #1 (rev 0b)
	Region 0: Memory at 91422000 (64-bit, non-prefetchable) [size=4K]
	Region 2: Memory at 91421000 (64-bit, non-prefetchable) [size=4K]
	00:18.0 Signal processing controller: Intel Corporation Celeron N3350/Pentium N4200/Atom E3900 Series HSUART Controller #1 (rev 0b)
	Region 0: Memory at 91420000 (64-bit, non-prefetchable) [size=4K]
	Region 2: Memory at 9141f000 (64-bit, non-prefetchable) [size=4K]
	00:19.0 Signal processing controller: Intel Corporation Celeron N3350/Pentium N4200/Atom E3900 Series SPI Controller #1 (rev 0b)
	Region 0: Memory at 9141e000 (64-bit, non-prefetchable) [size=4K]
	Region 2: Memory at 9141d000 (64-bit, non-prefetchable) [size=4K]
	00:19.1 Signal processing controller: Intel Corporation Celeron N3350/Pentium N4200/Atom E3900 Series SPI Controller #2 (rev 0b)
	Region 0: Memory at 9141c000 (64-bit, non-prefetchable) [size=4K]
	Region 2: Memory at 9141b000 (64-bit, non-prefetchable) [size=4K]
	00:19.2 Signal processing controller: Intel Corporation Celeron N3350/Pentium N4200/Atom E3900 Series SPI Controller #3 (rev 0b)
	Region 0: Memory at 9141a000 (64-bit, non-prefetchable) [size=4K]
	Region 2: Memory at 91419000 (64-bit, non-prefetchable) [size=4K]
	00:1a.0 Serial bus controller [0c80]: Intel Corporation Celeron N3350/Pentium N4200/Atom E3900 Series PWM Pin Controller (rev 0b)
	Region 0: Memory at 91418000 (64-bit, non-prefetchable) [size=4K]
	Region 2: Memory at 91417000 (64-bit, non-prefetchable) [size=4K]
	00:1f.0 ISA bridge: Intel Corporation Celeron N3350/Pentium N4200/Atom E3900 Series Low Pin Count Interface (rev 0b)
	00:1f.1 SMBus: Intel Corporation Celeron N3350/Pentium N4200/Atom E3900 Series SMBus Controller (rev 0b)
	Region 0: Memory at 91416000 (64-bit, non-prefetchable) [size=256]
	01:00.0 Unassigned class [ff00]: Realtek Semiconductor Co., Ltd. RTS5229 PCI Express Card Reader (rev 01)
	Region 0: Memory at 91300000 (32-bit, non-prefetchable) [size=4K]
	02:00.0 Network controller: Intel Corporation Device 24fb (rev 10)
	Region 0: Memory at 91200000 (64-bit, non-prefetchable) [size=8K]
	03:00.0 Ethernet controller: Realtek Semiconductor Co., Ltd. RTL8111/8168/8411 PCI Express Gigabit Ethernet Controller (rev 15)
	Region 2: Memory at 91104000 (64-bit, non-prefetchable) [size=4K]
	Region 4: Memory at 91100000 (64-bit, non-prefetchable) [size=16K]
	</PCI_DEVICE>

	<PCI_VID_PID>
	00:00.0 0600: 8086:5af0 (rev 0b)
	00:02.0 0300: 8086:5a85 (rev 0b)
	00:0e.0 0403: 8086:5a98 (rev 0b)
	00:0f.0 0780: 8086:5a9a (rev 0b)
	00:12.0 0106: 8086:5ae3 (rev 0b)
	00:13.0 0604: 8086:5ad8 (rev fb)
	00:13.1 0604: 8086:5ad9 (rev fb)
	00:13.2 0604: 8086:5ada (rev fb)
	00:15.0 0c03: 8086:5aa8 (rev 0b)
	00:16.0 1180: 8086:5aac (rev 0b)
	00:18.0 1180: 8086:5abc (rev 0b)
	00:19.0 1180: 8086:5ac2 (rev 0b)
	00:19.1 1180: 8086:5ac4 (rev 0b)
	00:19.2 1180: 8086:5ac6 (rev 0b)
	00:1a.0 0c80: 8086:5ac8 (rev 0b)
	00:1f.0 0601: 8086:5ae8 (rev 0b)
	00:1f.1 0c05: 8086:5ad4 (rev 0b)
	01:00.0 ff00: 10ec:5229 (rev 01)
	02:00.0 0280: 8086:24fb (rev 10)
	03:00.0 0200: 10ec:8168 (rev 15)
	</PCI_VID_PID>

	<WAKE_VECTOR_INFO>
	#define WAKE_VECTOR_32          0x7962108CUL
	#define WAKE_VECTOR_64          0x79621098UL
	</WAKE_VECTOR_INFO>

	<RESET_REGISTER_INFO>
	#define RESET_REGISTER_ADDRESS  0xCF9UL
	#define RESET_REGISTER_SPACE_ID SPACE_SYSTEM_IO
	#define RESET_REGISTER_VALUE    0x6U
	</RESET_REGISTER_INFO>

	<PM_INFO>
	#define PM1A_EVT_SPACE_ID       SPACE_SYSTEM_IO
	#define PM1A_EVT_BIT_WIDTH      0x20U
	#define PM1A_EVT_BIT_OFFSET     0x0U
	#define PM1A_EVT_ADDRESS        0x400UL
	#define PM1A_EVT_ACCESS_SIZE    0x2U
	#define PM1B_EVT_SPACE_ID       SPACE_SYSTEM_IO
	#define PM1B_EVT_BIT_WIDTH      0x0U
	#define PM1B_EVT_BIT_OFFSET     0x0U
	#define PM1B_EVT_ADDRESS        0x0UL
	#define PM1B_EVT_ACCESS_SIZE    0x2U
	#define PM1A_CNT_SPACE_ID       SPACE_SYSTEM_IO
	#define PM1A_CNT_BIT_WIDTH      0x10U
	#define PM1A_CNT_BIT_OFFSET     0x0U
	#define PM1A_CNT_ADDRESS        0x404UL
	#define PM1A_CNT_ACCESS_SIZE    0x2U
	#define PM1B_CNT_SPACE_ID       SPACE_SYSTEM_IO
	#define PM1B_CNT_BIT_WIDTH      0x0U
	#define PM1B_CNT_BIT_OFFSET     0x0U
	#define PM1B_CNT_ADDRESS        0x0UL
	#define PM1B_CNT_ACCESS_SIZE    0x2U
	</PM_INFO>

	<S3_INFO>
	#define S3_PKG_VAL_PM1A         0x5U
	#define S3_PKG_VAL_PM1B         0U
	#define S3_PKG_RESERVED         0x0U
	</S3_INFO>

	<S5_INFO>
	#define S5_PKG_VAL_PM1A         0x7U
	#define S5_PKG_VAL_PM1B         0U
	#define S5_PKG_RESERVED         0x0U
	</S5_INFO>

	<DRHD_INFO>
	#define DRHD_COUNT              2U

	#define DRHD0_DEV_CNT           0x1U
	#define DRHD0_SEGMENT           0x0U
	#define DRHD0_FLAGS             0x0U
	#define DRHD0_REG_BASE          0xFED64000UL
	#define DRHD0_IGNORE            true
	#define DRHD0_DEVSCOPE0_TYPE    0x1U
	#define DRHD0_DEVSCOPE0_ID      0x0U
	#define DRHD0_DEVSCOPE0_BUS     0x0U
	#define DRHD0_DEVSCOPE0_PATH    0x10U

	#define DRHD1_DEV_CNT           0x2U
	#define DRHD1_SEGMENT           0x0U
	#define DRHD1_FLAGS             0x1U
	#define DRHD1_REG_BASE          0xFED65000UL
	#define DRHD1_IGNORE            false
	#define DRHD1_DEVSCOPE0_TYPE    0x3U
	#define DRHD1_DEVSCOPE0_ID      0x1U
	#define DRHD1_DEVSCOPE0_BUS     0xfaU
	#define DRHD1_DEVSCOPE0_PATH    0xf8U
	#define DRHD1_DEVSCOPE1_TYPE    0x4U
	#define DRHD1_DEVSCOPE1_ID      0x0U
	#define DRHD1_DEVSCOPE1_BUS     0x0U
	#define DRHD1_DEVSCOPE1_PATH    0xffU

	</DRHD_INFO>

	<CPU_BRAND>
	"Intel(R) Celeron(R) CPU J3455 @ 1.50GHz"
	</CPU_BRAND>

	<CX_INFO>
	{{SPACE_FFixedHW, 0x00U, 0x00U, 0x00U, 0x00UL}, 0x01U, 0x01U, 0x00U},	/* C1 */
	{{SPACE_SYSTEM_IO, 0x08U, 0x00U, 0x00U, 0x415UL}, 0x02U, 0x32U, 0x00U},	/* C2 */
	{{SPACE_SYSTEM_IO, 0x08U, 0x00U, 0x00U, 0x419UL}, 0x03U, 0x96U, 0x00U},	/* C3 */
	</CX_INFO>

	<PX_INFO>
	{0x5DDUL, 0x00UL, 0x0AUL, 0x0AUL, 0x001700UL, 0x001700UL},	/* P0 */
	{0x5DCUL, 0x00UL, 0x0AUL, 0x0AUL, 0x000F00UL, 0x000F00UL},	/* P1 */
	{0x578UL, 0x00UL, 0x0AUL, 0x0AUL, 0x000E00UL, 0x000E00UL},	/* P2 */
	{0x514UL, 0x00UL, 0x0AUL, 0x0AUL, 0x000D00UL, 0x000D00UL},	/* P3 */
	{0x4B0UL, 0x00UL, 0x0AUL, 0x0AUL, 0x000C00UL, 0x000C00UL},	/* P4 */
	{0x44CUL, 0x00UL, 0x0AUL, 0x0AUL, 0x000B00UL, 0x000B00UL},	/* P5 */
	{0x3E8UL, 0x00UL, 0x0AUL, 0x0AUL, 0x000A00UL, 0x000A00UL},	/* P6 */
	{0x384UL, 0x00UL, 0x0AUL, 0x0AUL, 0x000900UL, 0x000900UL},	/* P7 */
	{0x320UL, 0x00UL, 0x0AUL, 0x0AUL, 0x000800UL, 0x000800UL},	/* P8 */
	</PX_INFO>

	<MMCFG_BASE_INFO>
	/* PCI mmcfg base of MCFG */
	#define DEFAULT_PCI_MMCFG_BASE   0xe0000000UL
	</MMCFG_BASE_INFO>

	<CLOS_INFO>
	rdt resources supported: L2
	rdt resource clos max: 4
	rdt resource mask max: '0xff'
	</CLOS_INFO>

	<IOMEM_INFO>
	00000000-00000fff : Reserved
	00001000-0003efff : System RAM
	0003f000-0003ffff : Reserved
	00040000-0009dfff : System RAM
	0009e000-000fffff : Reserved
	  000f0000-000fffff : System ROM
	00100000-0fffffff : System RAM
	10000000-12150fff : Reserved
	12151000-6ff5e017 : System RAM
	6ff5e018-6ff6c057 : System RAM
	6ff6c058-6ff6d017 : System RAM
	6ff6d018-6ff7d057 : System RAM
	6ff7d058-7710dfff : System RAM
	7710e000-79232fff : Reserved
	79233000-7924dfff : ACPI Tables
	7924e000-79651fff : ACPI Non-volatile Storage
	79652000-799f5fff : Reserved
	799f6000-79d78fff : System RAM
	79d79000-79d79fff : ACPI Non-volatile Storage
	79d7a000-79da3fff : Reserved
	79da4000-7a9defff : System RAM
	7a9df000-7a9e0fff : Reserved
	7a9e1000-7affffff : System RAM
	7b000000-7fffffff : Reserved
	  7b800001-7bffffff : PCI Bus 0000:00
	  7c000001-7fffffff : PCI Bus 0000:00
	    7c000001-7ffffffe : Graphics Stolen Memory
	80000000-cfffffff : PCI Bus 0000:00
	  80000000-8fffffff : 0000:00:02.0
	  90000000-90ffffff : 0000:00:02.0
	  91000000-910fffff : 0000:00:0e.0
	    91000000-910fffff : ICH HD audio
	  91100000-911fffff : PCI Bus 0000:03
	    91100000-91103fff : 0000:03:00.0
	    91104000-91104fff : 0000:03:00.0
	      91104000-91104fff : r8169
	  91200000-912fffff : PCI Bus 0000:02
	    91200000-91201fff : 0000:02:00.0
	      91200000-91201fff : iwlwifi
	  91300000-913fffff : PCI Bus 0000:01
	    91300000-91300fff : 0000:01:00.0
	      91300000-91300fff : rtsx_pci
	  91400000-9140ffff : 0000:00:15.0
	    91400000-9140ffff : xhci-hcd
	      91408070-9140846f : intel_xhci_usb_sw
	  91410000-91413fff : 0000:00:0e.0
	    91410000-91413fff : ICH HD audio
	  91414000-91415fff : 0000:00:12.0
	    91414000-91415fff : ahci
	  91416000-914160ff : 0000:00:1f.1
	  91417000-91417fff : 0000:00:1a.0
	  91418000-91418fff : 0000:00:1a.0
	    91418000-91418fff : 0000:00:1a.0
	  91419000-91419fff : 0000:00:19.2
	  9141a000-9141afff : 0000:00:19.2
	    9141a000-9141a1ff : lpss_dev
	      9141a000-9141a1ff : pxa2xx-spi.4
	    9141a200-9141a2ff : lpss_priv
	    9141a800-9141afff : idma64.4
	      9141a800-9141afff : idma64.4
	  9141b000-9141bfff : 0000:00:19.1
	  9141c000-9141cfff : 0000:00:19.1
	    9141c000-9141c1ff : lpss_dev
	      9141c000-9141c1ff : pxa2xx-spi.3
	    9141c200-9141c2ff : lpss_priv
	    9141c800-9141cfff : idma64.3
	      9141c800-9141cfff : idma64.3
	  9141d000-9141dfff : 0000:00:19.0
	  9141e000-9141efff : 0000:00:19.0
	    9141e000-9141e1ff : lpss_dev
	      9141e000-9141e1ff : pxa2xx-spi.2
	    9141e200-9141e2ff : lpss_priv
	    9141e800-9141efff : idma64.2
	      9141e800-9141efff : idma64.2
	  9141f000-9141ffff : 0000:00:18.0
	  91420000-91420fff : 0000:00:18.0
	    91420000-914201ff : lpss_dev
	      91420000-9142001f : serial
	    91420200-914202ff : lpss_priv
	    91420800-91420fff : idma64.1
	      91420800-91420fff : idma64.1
	  91421000-91421fff : 0000:00:16.0
	  91422000-91422fff : 0000:00:16.0
	    91422000-914221ff : lpss_dev
	      91422000-914221ff : i2c_designware.0
	    91422200-914222ff : lpss_priv
	    91422800-91422fff : idma64.0
	      91422800-91422fff : idma64.0
	  91423000-914237ff : 0000:00:12.0
	    91423000-914237ff : ahci
	  91424000-914240ff : 0000:00:12.0
	    91424000-914240ff : ahci
	  91427000-91427fff : 0000:00:0f.0
	    91427000-91427fff : mei_me
	d0000000-d0ffffff : Reserved
	  d0c00000-d0c00653 : INT3452:03
	    d0c00000-d0c00653 : INT3452:03
	  d0c40000-d0c40763 : INT3452:01
	    d0c40000-d0c40763 : INT3452:01
	  d0c50000-d0c5076b : INT3452:00
	    d0c50000-d0c5076b : INT3452:00
	  d0c70000-d0c70673 : INT3452:02
	    d0c70000-d0c70673 : INT3452:02
	e0000000-efffffff : PCI MMCONFIG 0000 [bus 00-ff]
	  e0000000-efffffff : Reserved
	    e0000000-efffffff : PCI Bus 0000:00
	      e0000000-efffffff : pnp 00:02
	fe042000-fe044fff : Reserved
	fe900000-fe902fff : Reserved
	fea00000-feafffff : pnp 00:02
	fec00000-fec00fff : Reserved
	  fec00000-fec003ff : IOAPIC 0
	fed00000-fed003ff : HPET 0
	  fed00000-fed003ff : PNP0103:00
	fed01000-fed01fff : intel-spi
	  fed01000-fed01fff : Reserved
	    fed01000-fed01fff : pnp 00:02
	fed03000-fed03fff : pnp 00:02
	fed06000-fed06fff : pnp 00:02
	fed08000-fed09fff : pnp 00:02
	fed1c000-fed1cfff : pnp 00:02
	fed40000-fed44fff : MSFT0101:00
	fed64000-fed64fff : dmar0
	fed65000-fed65fff : dmar1
	fed80000-fedbffff : pnp 00:02
	fee00000-fee00fff : Local APIC
	  fee00000-fee00fff : Reserved
	ff000000-ffffffff : Reserved
	100000000-27fffffff : System RAM
	  101000000-1022048b0 : Kernel code
	  1022048b1-102bce3ff : Kernel data
	  102d36000-1035fffff : Kernel bss
	</IOMEM_INFO>

	<BLOCK_DEVICE_INFO>
	/dev/sda3: TYPE="ext4"
	</BLOCK_DEVICE_INFO>

	<TTYS_INFO>
	seri:/dev/ttyS0 type:mmio base:0x91420000 irq:4 bdf:"00:18.0"
	</TTYS_INFO>

	<AVAILABLE_IRQ_INFO>
	3, 5, 6, 7, 10, 11, 12, 13, 15
	</AVAILABLE_IRQ_INFO>

	<TOTAL_MEM_INFO>
	8062792 kB
	</TOTAL_MEM_INFO>

	<CPU_PROCESSOR_INFO>
	0, 1, 2, 3
	</CPU_PROCESSOR_INFO>

	<MAX_MSIX_TABLE_NUM>
	16
	</MAX_MSIX_TABLE_NUM>

</acrn-config>
